---
source: tui/src/inline_visualization_tests.rs
assertion_line: 257
expression: contract
---
<!doctype html><html lang="en"><head><meta charset="utf-8"><meta name="viewport" content="width=device-width,initial-scale=1"><meta name="referrer" content="no-referrer"><meta http-equiv="Content-Security-Policy" content="default-src 'none'; script-src 'unsafe-inline' 'unsafe-eval' 'wasm-unsafe-eval' blob: data:; style-src 'unsafe-inline' blob: data:; img-src blob: data:; font-src blob: data:; media-src blob: data:; worker-src blob:; connect-src blob: data:; frame-src 'self'; object-src 'none'; base-uri 'none'; form-action 'none'"><title>chart</title><style>:root{color-scheme:light dark;background:light-dark(rgb(255 255 255), rgb(24 24 24))}html,body{margin:0}body{box-sizing:border-box;padding:1rem;background:inherit}iframe{display:block;width:100%;max-width:736px;height:calc(100vh - 2rem);margin:0 auto;border:0}</style></head><body><iframe sandbox="allow-scripts" referrerpolicy="no-referrer" title="chart" srcdoc="[canonical visualization frame]"></iframe></body></html>

embedded frame:
- canonical control styles
- Floating UI tooltip runtime
- Lucide icon runtime
- visualization fragment
